## agent/plain2metta-public-evaluation-ui...origin/agent/plain2metta-public-evaluation-ui
1755dddcb31dc02c04d7db35dec01ba1fb6b9215
1755dddcb31dc02c04d7db35dec01ba1fb6b9215
✔ [4/7] Built Batteries.CodeAction.Deprecated (686ms)
✔ [5/7] Built Batteries.Tactic.Alias (1.1s)
✔ [6/26] Built Batteries.Logic (421ms)
✔ [25/34] Built Batteries.Lean.Position (238ms)
✔ [28/35] Built Batteries.Tactic.Lint.Basic (507ms)
✔ [30/38] Built Batteries.Tactic.Lint.Misc (538ms)
✔ [36/45] Built Batteries.Tactic.Unreachable (293ms)
✔ [42/45] Built Batteries.Lean.Meta.Inaccessible (262ms)
✔ [45/51] Built ImportGraph.Imports.ImportGraph (247ms)
✔ [46/53] Built ImportGraph.Imports.Redundant (231ms)
✔ [47/54] Built ImportGraph.Lean.Environment (228ms)
✔ [49/56] Built ImportGraph.Imports.RequiredModules (426ms)
✔ [54/58] Built Batteries.Util.LibraryNote (360ms)
✔ [55/58] Built Batteries.Tactic.HelpCmd (1.2s)
✔ [56/58] Built Batteries.Lean.Syntax (180ms)
✔ [57/61] Built Batteries.Util.ProofWanted (1.8s)
✔ [58/62] Built ImportGraph.Graph.TransitiveClosure (197ms)
✔ [59/62] Built ImportGraph.Tools.ImportDiff (399ms)
✔ [60/64] Built ImportGraph.Tools.FindHome (480ms)
✔ [61/64] Built ImportGraph.Tools.MinImports (334ms)
✔ [62/64] Built ImportGraph.Tools.RedundantImports (291ms)
✔ [63/67] Built ImportGraph.Tools (235ms)
✔ [64/70] Built Batteries.Tactic.OpenPrivate (596ms)
✔ [65/70] Built Batteries.Tactic.Lint.TypeClass (324ms)
✔ [66/70] Built Batteries.Tactic.Lint.Simp (692ms)
✔ [67/74] Built Batteries.Tactic.Lint.Frontend (982ms)
✔ [68/80] Built Batteries.Tactic.Lint (241ms)
✔ [77/81] Built Batteries.Data.Nat.Basic (286ms)
✔ [78/86] Built Batteries.Data.Nat.Lemmas (416ms)
✔ [85/91] Built Batteries.Linter.UnreachableTactic (483ms)
✔ [86/94] Built Batteries.Lean.TagAttribute (218ms)
✔ [87/94] Built Batteries.Tactic.Init (676ms)
✔ [88/95] Built Batteries.Lean.AttributeExtra (278ms)
✔ [89/95] Built Batteries.Tactic.SeqFocus (426ms)
✔ [90/96] Built Batteries.Linter.UnnecessarySeqFocus (692ms)
✔ [91/96] Built Batteries.Tactic.Trans (1.1s)
✔ [92/97] Built Batteries.Linter (252ms)
✔ [94/98] Built Batteries.Tactic.Basic (242ms)
✔ [96/102] Built Batteries.Classes.Order (452ms)
✔ [98/105] Built Batteries.Lean.NameMapAttribute (280ms)
✔ [102/118] Built Batteries.Lean.Expr (359ms)
✔ [112/118] Built Batteries.Lean.Except (263ms)
✔ [116/119] Built Batteries.Tactic.Exact (298ms)
✔ [118/139] Built Batteries.Util.ExtendedBinder (459ms)
✔ [135/141] Built Batteries.Lean.Meta.UnusedNames (273ms)
✔ [141/145] Built Qq.ForLean.ReduceEval (328ms)
✔ [142/146] Built Qq.ForLean.ToExpr (258ms)
✔ [143/147] Built Qq.Typ (258ms)
✔ [144/148] Built Qq.Macro (2.9s)
✔ [145/148] Built Qq.Delab (757ms)
✔ [146/149] Built Qq.MetaM (373ms)
✔ [147/150] Built Qq.Simp (266ms)
✔ [148/152] Built Qq.ForLean.Do (307ms)
✔ [149/153] Built Qq.SortLocalDecls (295ms)
✔ [150/157] Built Qq.MatchImpl (299ms)
✔ [151/157] Built Qq.AssertInstancesCommute (620ms)
✔ [152/157] Built Qq.Match (2.7s)
✔ [153/157] Built Qq.Commands (563ms)
✔ [154/177] Built Qq (220ms)
✔ [177/181] Built Aesop.Script.Tactic (209ms)
✔ [178/181] Built Batteries.Lean.Meta.Basic (292ms)
✔ [179/181] Built Aesop.Script.GoalWithMVars (225ms)
✔ [180/182] Built Aesop.Script.TacticState (301ms)
✔ [181/187] Built Aesop.Nanos (244ms)
✔ [182/188] Built Batteries.Data.Array.Merge (747ms)
✔ [183/188] Built Aesop.Index.DiscrTreeConfig (205ms)
✔ [184/188] Built Aesop.Util.UnorderedArraySet (305ms)
✔ [185/188] Built Batteries.Tactic.PermuteGoals (337ms)
✔ [186/190] Built Aesop.Util.Basic (1.2s)
✔ [187/190] Built Aesop.Tracing (588ms)
✔ [188/194] Built Batteries.Lean.MonadBacktrack (179ms)
✔ [189/196] Built Batteries.Lean.Meta.SavedState (238ms)
✔ [190/196] Built Aesop.Util.EqualUpToIds (1.5s)
✔ [191/196] Built Aesop.Check (309ms)
✔ [192/197] Built Aesop.Script.Util (319ms)
✔ [193/199] Built Aesop.Script.Step (638ms)
✔ [194/199] Built Aesop.Rule.Name (391ms)
✔ [195/200] Built Aesop.Script.UScript (296ms)
✔ [196/200] Built Aesop.Options.Public (342ms)
✔ [197/201] Built Aesop.Script.Check (321ms)
✔ [198/201] Built Aesop.Options.Internal (207ms)
✔ [199/201] Built Aesop.Stats.Basic (722ms)
✔ [200/204] Built Aesop.Script.OptimizeSyntax (404ms)
✔ [201/206] Built Aesop.Script.SScript (332ms)
✔ [202/206] Built Aesop.Script.UScriptToSScript (662ms)
✔ [203/206] Built Aesop.Script.StructureStatic (557ms)
✔ [204/206] Built Aesop.Script.StructureDynamic (897ms)
✔ [205/210] Built Aesop.Script.Main (382ms)
✔ [206/211] Built Aesop.Forward.LevelIndex (217ms)
✔ [207/211] Built Aesop.Forward.PremiseIndex (214ms)
✔ [208/211] Built Aesop.Percent (226ms)
✔ [209/211] Built Aesop.Forward.Substitution (579ms)
✔ [210/215] Built Aesop.Index.Basic (366ms)
✔ [211/215] Built Aesop.RulePattern.Cache (256ms)
✔ [212/215] Built Aesop.BaseM (303ms)
✔ [213/216] Built Aesop.RuleTac.GoalDiff (603ms)
✔ [214/217] Built Aesop.RuleTac.Basic (397ms)
✔ [215/218] Built Aesop.Forward.SlotIndex (208ms)
✔ [216/218] Built Aesop.RulePattern (842ms)
✔ [217/224] Built Aesop.Util.UnionFind (291ms)
✔ [218/228] Built Batteries.Data.UInt (530ms)
✔ [219/228] Built Aesop.RuleTac.RuleTerm (240ms)
✔ [220/228] Built Batteries.Data.Array.Basic (1.8s)
✔ [221/228] Built Aesop.Script.CtorNames (423ms)
✔ [222/228] Built Aesop.Forward.RuleInfo (720ms)
✔ [223/230] Built Aesop.Rule.Forward (295ms)
✔ [224/230] Built Aesop.Forward.Match.Types (339ms)
✔ [225/230] Built Aesop.ElabM (270ms)
✔ [226/231] Built Aesop.RuleTac.Descr (309ms)
✔ [227/232] Built Aesop.RuleTac.ElabRuleTerm (457ms)
✔ [228/232] Built Aesop.Rule.Basic (260ms)
✔ [229/233] Built Aesop.Util.Tactic.Ext (467ms)
✔ [230/233] Built Aesop.Script.ScriptM (290ms)
✔ [231/233] Built Aesop.Rule (385ms)
✔ [232/239] Built Aesop.Util.Tactic (222ms)
✔ [233/239] Built Aesop.Util.Unfold (440ms)
✔ [234/239] Built Aesop.RuleTac.Forward.Basic (382ms)
✔ [235/241] Built Aesop.Util.Tactic.Unfold (476ms)
✔ [236/241] Built Aesop.Script.SpecificTactics (1.3s)
✔ [237/241] Built Aesop.Constants (166ms)
✔ [238/245] Built Aesop.Forward.Match (847ms)
✔ [239/245] Built Aesop.Tree.UnsafeQueue (313ms)
✔ [240/245] Built Aesop.Tree.Data.ForwardRuleMatches (337ms)
✔ [241/245] Built Aesop.EMap (487ms)
✔ [242/245] Built Aesop.Forward.State (3.3s)
✔ [243/245] Built Aesop.Tree.Data (954ms)
✔ [244/246] Built Aesop.Search.Queue.Class (245ms)
✔ [245/250] Built Aesop.Util.OrderedHashSet (237ms)
✔ [246/251] Built Batteries.Lean.Meta.Expr (187ms)
✔ [247/253] Built Batteries.Lean.PersistentHashMap (221ms)
✔ [248/253] Built Batteries.Lean.Meta.InstantiateMVars (227ms)
✔ [249/254] Built Batteries.Lean.Meta.DiscrTree (234ms)
✔ [250/254] Built Batteries.Lean.PersistentHashSet (230ms)
✔ [251/254] Built Aesop.Index.RulePattern (520ms)
✔ [252/254] Built Aesop.Index.Forward (406ms)
✔ [253/258] Built Aesop.Index (642ms)
✔ [254/261] Built Aesop.RuleSet.Name (183ms)
✔ [255/261] Built Aesop.RuleSet.Member (292ms)
✔ [256/262] Built Aesop.RuleSet.Filter (234ms)
✔ [257/262] Built Aesop.RuleSet (1.8s)
✔ [258/262] Built Aesop.Tree.RunMetaM (313ms)
✔ [259/264] Built Aesop.Forward.State.Initial (374ms)
✔ [260/265] Built Aesop.Tree.TreeM (490ms)
✔ [261/265] Built Aesop.Tree.Traversal (321ms)
✔ [262/266] Built Aesop.Search.SearchM (439ms)
✔ [263/266] Built Batteries.Lean.HashSet (201ms)
✔ [264/266] Built Aesop.Tree.State (437ms)
✔ [265/268] Built Aesop.Forward.State.ApplyGoalDiff (361ms)
✔ [266/269] Built Aesop.RuleTac.Apply (400ms)
✔ [267/270] Built Aesop.RuleTac.Cases (477ms)
✔ [268/272] Built Aesop.RuleTac.Forward (979ms)
✔ [269/273] Built Aesop.RuleTac.Preprocess (251ms)
✔ [270/274] Built Aesop.RuleTac.Tactic (405ms)
✔ [271/274] Built Aesop.Search.Expansion.Basic (312ms)
✔ [272/276] Built Aesop.RuleTac (248ms)
✔ [273/277] Built Aesop.Search.Expansion.Simp (324ms)
✔ [274/279] Built Aesop.Search.RuleSelection (383ms)
✔ [275/279] Built Aesop.Tree.AddRapp (942ms)
✔ [276/281] Built Aesop.Search.Expansion.Norm (1.8s)
✔ [277/282] Built Aesop.Forward.State.UpdateGoal (314ms)
✔ [278/282] Built Aesop.Exception (252ms)
✔ [279/283] Built Aesop.Search.Expansion (1.2s)
✔ [280/283] Built Aesop.Tree.Check (770ms)
✔ [281/284] Built Aesop.Search.ExpandSafePrefix (535ms)
✔ [282/285] Built Aesop.Tree.ExtractProof (650ms)
✔ [283/285] Built Aesop.Tree.ExtractScript (826ms)
✔ [284/287] Built Aesop.Tree.Tracing (771ms)
✔ [285/287] Built Aesop.Frontend.Extension.Init (258ms)
✔ [286/291] Built Aesop.Frontend.Extension (446ms)
✔ [287/293] Built Batteries.Control.ForInStep.Basic (192ms)
✔ [288/293] Built Aesop.Tree.Free (282ms)
✔ [289/293] Built Batteries.Data.BinomialHeap.Basic (2.9s)
✔ [290/293] Built Aesop.Tree.Stats (351ms)
✔ [291/293] Built Aesop.Search.Queue (357ms)
✔ [292/295] Built Aesop.Search.Main (1.4s)
✔ [293/296] Built Aesop.Builder.Basic (331ms)
✔ [294/297] Built Aesop.Builder.Cases (341ms)
✔ [295/298] Built Aesop.Builder.Constructors (285ms)
✔ [296/300] Built Aesop.Builder.NormSimp (344ms)
✔ [297/301] Built Aesop.Builder.Tactic (336ms)
✔ [298/304] Built Aesop.Builder.Apply (297ms)
✔ [299/304] Built Aesop.Builder.Forward (789ms)
✔ [300/305] Built Aesop.Builder.Default (297ms)
✔ [301/307] Built Aesop.Builder.Unfold (348ms)
✔ [302/307] Built Aesop.Stats.Extension (287ms)
✔ [303/307] Built Aesop.Frontend.RuleExpr (1.6s)
✔ [304/307] Built Aesop.Stats.File (300ms)
✔ [305/308] Built Aesop.Frontend.Tactic (764ms)
✔ [306/308] Built Aesop.Main (731ms)
✔ [307/311] Built Aesop.Frontend.Attribute (497ms)
✔ [308/311] Built Aesop.Frontend.Basic (218ms)
✔ [309/314] Built Aesop.Stats.Report (494ms)
✔ [310/314] Built Aesop.Frontend.Command (887ms)
✔ [311/315] Built Aesop.Saturate (2.1s)
✔ [312/316] Built Aesop.Frontend.Saturate (643ms)
✔ [313/316] Built Aesop.BuiltinRules.Assumption (472ms)
✔ [314/317] Built Aesop.Frontend (268ms)
✔ [315/318] Built Aesop.BuiltinRules.ApplyHyps (388ms)
✔ [316/319] Built Aesop.BuiltinRules.DestructProducts (493ms)
✔ [317/320] Built Aesop.BuiltinRules.Ext (358ms)
✔ [318/321] Built Aesop.BuiltinRules.Intros (336ms)
✔ [319/324] Built Aesop.BuiltinRules.Rfl (292ms)
✔ [320/324] Built Aesop.BuiltinRules.Split (364ms)
✔ [321/326] Built Aesop.BuiltinRules.Subst (453ms)
✔ [322/330] Built Aesop.BuiltinRules (311ms)
✔ [324/356] Built Aesop (267ms)
✔ [356/358] Built Plausible.Random (371ms)
✔ [357/361] Built Plausible.Gen (522ms)
✔ [358/362] Built Plausible.Arbitrary (354ms)
✔ [359/363] Built Plausible.Shrinkable (271ms)
✔ [360/364] Built Plausible.Sampleable (449ms)
✔ [361/365] Built Plausible.Functions (354ms)
✔ [362/365] Built Plausible.Testable (1.1s)
✔ [363/365] Built Plausible.Attr (215ms)
✔ [364/369] Built Plausible.Tactic (471ms)
✔ [365/370] Built Plausible.ArbitraryFueled (179ms)
✔ [366/370] Built Plausible.DeriveShrinkable (977ms)
✔ [367/371] Built Plausible.DeriveArbitrary (930ms)
✔ [368/371] Built Batteries.Tactic.Case (924ms)
✔ [369/371] Built Plausible (232ms)
✔ [370/373] Built Batteries.Tactic.GeneralizeProofs (1.7s)
✔ [371/374] Built Batteries.CodeAction.Attr (441ms)
✔ [372/374] Built Batteries.CodeAction.Basic (490ms)
✔ [373/379] Built Batteries.CodeAction.Misc (1.3s)
✔ [375/379] Built Batteries.Data.List.Basic (2.3s)
✔ [377/379] Built Batteries.CodeAction.Match (641ms)
✔ [378/381] Built Batteries.CodeAction (252ms)
✔ [379/383] Built LeanSearchClient.Basic (199ms)
✔ [380/384] Built LeanSearchClient.Syntax (1.1s)
✔ [381/384] Built LeanSearchClient.LoogleSyntax (800ms)
✔ [383/407] Built LeanSearchClient (239ms)
✔ [407/411] Built ProofWidgets.Compat (235ms)
✔ [408/411] Built ProofWidgets.Component.Basic (459ms)
✔ [409/414] Built ProofWidgets.Component.Panel.Basic (421ms)
✔ [410/414] Built ProofWidgets.Component.MakeEditLink (358ms)
✔ [411/414] Built ProofWidgets.Util (363ms)
✔ [412/417] Built ProofWidgets.Data.Html (1.6s)
✔ [413/421] Built ProofWidgets.Component.RefreshComponent (586ms)
✔ [419/445] Built ProofWidgets.Component.FilterDetails (329ms)
✔ [440/446] Built ProofWidgets.Cancellable (459ms)
✔ [441/460] Built ProofWidgets.Component.OfRpcMethod (446ms)
✔ [458/472] Built Batteries.Util.Cache (341ms)
✔ [471/480] Built Batteries.Control.Lemmas (232ms)
✔ [472/481] Built Batteries.Control.LawfulMonadState (608ms)
✔ [474/482] Built Batteries.Control.OptionT (309ms)
✔ [476/483] Built Batteries.Control.AlternativeMonad (475ms)
✔ [478/484] Built Batteries.Data.MLList.Basic (594ms)
✔ [480/589] Built Batteries.Control.Nondet.Basic (328ms)
✔ [586/652] Built Batteries.Classes.RatCast (181ms)
✔ [651/838] Built Batteries.Tactic.Congr (563ms)
✔ [835/838] Built Batteries.Control.ForInStep.Lemmas (234ms)
✔ [836/840] Built Batteries.Data.List.Lemmas (4.4s)
✔ [838/840] Built Batteries.Data.List.Count (706ms)
✔ [839/867] Built Batteries.Data.List.Perm (960ms)
✔ [865/926] Built Batteries.Data.List.Pairwise (337ms)
✔ [922/935] Built Batteries.Data.Fin.Basic (582ms)
✔ [928/1163] Built Batteries.Data.Fin.Lemmas (975ms)
✔ [2230/2240] Built Batteries.Lean.HashMap (211ms)
✔ [2237/2242] Built Batteries.Data.Array.Match (506ms)
✔ [2238/2243] Built Batteries.Data.String.Basic (231ms)
✔ [2240/2442] Built Batteries.Data.String.Matcher (223ms)
✔ [3004/3008] Built ProofWidgets.Component.PenroseDiagram (509ms)
✔ [3006/3015] Built ProofWidgets.Presentation.Expr (571ms)
✔ [3009/3015] Built ProofWidgets.Component.HtmlDisplay (407ms)
✔ [3013/3015] Built Plain2MeTTaSemanticKernel.Basic (9.6s)
✔ [3014/3015] Built Plain2MeTTaSemanticKernel (1.4s)
Build completed successfully (3015 jobs).
