1755dddcb31dc02c04d7db35dec01ba1fb6b9215
## agent/plain2metta-public-evaluation-ui...origin/agent/plain2metta-public-evaluation-ui


@app.get("/api/examples")
def examples():
    root = Path(__file__).resolve().parents[1] / "examples" / "evaluation"
    return jsonify({path.stem: path.read_text(encoding="utf-8") for path in sorted(root.glob("*.plain"))})


@app.post("/api/evaluate")
def evaluate():
    body = request.get_json(silent=True)
    if not isinstance(body, dict) or set(body) != {"text"}:
        return jsonify(error="body must be exactly {text: string}"), 400
    text = body["text"]
    if not isinstance(text, str):
        return jsonify(error="text must be a string"), 400
    if len(text.encode("utf-8")) > MAX_SPEC_BYTES:
        return jsonify(error="text exceeds the 128 KiB evaluation limit"), 413
    try:
        vertical = build_stage_1_through_8(text)
        payload = evaluate_plain(text)
        payload.update(vertical)
        return jsonify(payload)
    except subprocess.TimeoutExpired:
        return jsonify(error="evaluation backend timed out"), 422
    except (TypeError, ValueError) as error:
        return jsonify(error=str(error)), 422


@app.route("/api/validation-plan/<project_id>", methods=["GET", "POST"])
@app.post("/api/validation-plan-review/<project_id>")
@app.post("/api/semantic-test/<project_id>")
@app.get("/api/semantic-results/<project_id>")
        tlc_evidence = project.current(ArtifactKind.RUNTIME_EVIDENCE)
        tlc_payload = json.loads(tlc_evidence.content)["payload"]
    project = SMTCoordinator(lambda request: run_smt_request(request, _Z3)).run(project)
    smt_evidence = project.current(ArtifactKind.RUNTIME_EVIDENCE)
    smt_payload = json.loads(smt_evidence.content)["payload"]
    project = LeanCoordinator(lambda request: run_lean_request(
        request, _LEAN_PACKAGE, _LEAN_TOOLS + "/lean", _LEAN_TOOLS + "/lake"),
        _LEAN_PACKAGE).run(project)
    lean_evidence = project.current(ArtifactKind.RUNTIME_EVIDENCE)
    lean_payload = json.loads(lean_evidence.content)["payload"]
    project = compose_validation_verdict(
        project, _ref(obligation.ref), _ref(contract.ref),
        [_ref(item.ref) for item in (evidence, tlc_evidence, smt_evidence, lean_evidence) if item is not None],
        timestamp=_STAMP,
        inapplicable_backends=(() if tlc_applicable else ({
            "runtime": "tla-tlc", "justification": tlc_justification,
        },)),
    )
    verdict = project.current(ArtifactKind.VALIDATION_VERDICT)
    verdict_payload = json.loads(verdict.content)["payload"]
    ancestry = {"stages":[1,2,3,4,5,6,7,8], "nodes":[
        _node(1, contract.kind.value, contract.artifact_id, contract.content_hash, contract.state.value, contract.upstream),
        _node(1, obligation.kind.value, obligation.artifact_id, obligation.content_hash, obligation.state.value, obligation.upstream),
        _node(2, "contract-calculus-interpretation", calculus_id, calculus_hash, "current", (contract.ref,)),
        _node(3, plan.kind.value, plan.artifact_id, plan.content_hash, plan.state.value, plan.upstream),
        _node(3, review.kind.value, review.artifact_id, review.content_hash, review.state.value, review.upstream),
        _node(4, evidence.kind.value, evidence.artifact_id, evidence.content_hash, evidence.state.value, evidence.upstream),
        *([] if tlc_evidence is None else [_node(5, "formal-evidence", tlc_evidence.artifact_id, tlc_evidence.content_hash, tlc_evidence.state.value, tlc_evidence.upstream)]),
        _node(6, "formal-evidence", smt_evidence.artifact_id, smt_evidence.content_hash, smt_evidence.state.value, smt_evidence.upstream),
        _node(7, "formal-evidence", lean_evidence.artifact_id, lean_evidence.content_hash, lean_evidence.state.value, lean_evidence.upstream),
        _node(8, verdict.kind.value, verdict.artifact_id, verdict.content_hash, verdict.state.value, verdict.upstream),
    ], "plan_approval":"approved", "stage4_backend":{
        "name":"hypothesis-backend", "version":HYPOTHESIS_VERSION,
        "observations_passed":all(item["matched"] for item in evidence_payload["observations"]),
    }, "stage5_backend":({"name":"tlc-backend", "version":TLC_VERSION,
        "applicable": True,
        "status":"pass" if all(item["invariant_satisfied"] for item in tlc_payload["observations"]) else "fail",
        "invariant_satisfied":all(item["invariant_satisfied"] for item in tlc_payload["observations"])}
        if tlc_applicable else {"name":"tlc-backend", "version":TLC_VERSION,
            "applicable": False, "status":"unknown", "justification":tlc_justification}),
    "stage6_backend":{"name":"z3-backend", "version":Z3_VERSION,
        "postcondition_proved":all(item["result"] == "unsat" and bool(item["proof"])
                                   for item in smt_payload["observations"])},
    "stage7_backend":{"name":"lean-backend", "version":LEAN_VERSION,
        "kernel_checked":all(item["kernel_checked"] for item in lean_payload["observations"])}}
    verdicts = [{
        "artifact_id": verdict.artifact_id,
        "content_hash": verdict.content_hash,
        **verdict_payload,
    }]
    evidence_projection = {
        "schema": "plain2metta-evaluation-evidence/v1",
        "ancestry": ancestry,
        "plan_review": {
            "plan": _ref(plan.ref),
            "review": _ref(review.ref),
            "decision": "approved",
        },
        "backends": [
            ancestry["stage4_backend"],
            ancestry["stage5_backend"],
            ancestry["stage6_backend"],
            ancestry["stage7_backend"],
        ],
        "verdicts": verdicts,
        "counterexamples": verdict_payload["counterexample_refs"],
        "assumptions": verdict_payload["assumptions_used"],
        "unresolved_holes": contract_doc["payload"]["unresolved_holes"],
        "residual_risk": verdict_payload["residual_risk"],
        "release_metadata": {"stage10": release_metadata()},
    }
    return {"ancestry": ancestry, "verdicts": verdicts,
            "evidence_projection": evidence_projection,
            "release_metadata": evidence_projection["release_metadata"]}
<!doctype html><html lang="en"><head><meta charset="utf-8"><meta name="viewport" content="width=device-width,initial-scale=1"><title>Plain2MeTTa v2 Evaluation</title>
<style>
:root{--bg:#081018;--panel:#101c27;--line:#294052;--ink:#e8f1f5;--muted:#91a8b7;--cyan:#38d4d4;--gold:#ffc857;--good:#54d68b}*{box-sizing:border-box}body{margin:0;background:linear-gradient(135deg,#081018,#102534);color:var(--ink);font:15px system-ui,sans-serif}header{padding:20px 28px;border-bottom:1px solid var(--line);display:flex;justify-content:space-between;align-items:center}h1{margin:0;font-size:22px}h1 span{color:var(--cyan)}.label{color:var(--gold);font-size:12px}.grid{display:grid;grid-template-columns:minmax(320px,42%) 1fr;min-height:calc(100vh - 70px)}.left,.right{padding:18px}.left{border-right:1px solid var(--line)}textarea{width:100%;height:60vh;background:#071019;color:var(--ink);border:1px solid var(--line);border-radius:8px;padding:14px;font:13px/1.55 ui-monospace,monospace}button,select{background:var(--panel);color:var(--ink);border:1px solid var(--line);border-radius:6px;padding:9px 12px}button{background:var(--cyan);color:#041013;font-weight:700}button:disabled{cursor:not-allowed;filter:saturate(0);opacity:.55}.controls{display:flex;gap:9px;margin:10px 0;flex-wrap:wrap}.tabs{display:flex;flex-wrap:wrap;gap:6px;margin-bottom:10px}.tabs button{background:var(--panel);color:var(--muted)}.tabs button.active{border-color:var(--cyan);color:var(--cyan)}pre{margin:0;background:#071019;border:1px solid var(--line);border-radius:8px;padding:14px;white-space:pre-wrap;overflow:auto;max-height:72vh;font:12px/1.55 ui-monospace,monospace}.status{padding:9px 0;color:var(--good)}.grades{display:grid;grid-template-columns:repeat(7,1fr);gap:4px;margin:8px 0}.grade{padding:6px;border:1px solid var(--line);color:var(--muted);text-align:center}.grade.on{border-color:var(--good);color:var(--good)}@media(max-width:850px){.grid{grid-template-columns:1fr}.left{border-right:0;border-bottom:1px solid var(--line)}}
</style></head><body><header><h1><span>Plain2MeTTa</span> v2 evaluation workbench</h1><div class="label">Deterministic reference generator · bounded Python sandbox</div></header><main class="grid"><section class="left"><h2>Concrete Plain spec</h2><div class="controls"><select id="examples"><option>Load graduated example…</option></select><input id="upload" type="file" accept=".plain,text/plain" aria-label="Upload a Plain specification"><button id="run">Run full pipeline</button><button id="download" disabled>Download evidence JSON</button><button id="download-metta" disabled>Download MeTTa</button><button id="download-python" disabled>Download Python</button></div><textarea id="input">***requirements***
- [id:REQ-1] The service shall return a greeting.
- [id:REQ-2] The greeting shall retain its request trace.</textarea></section><section class="right"><div class="tabs" id="tabs"></div><div class="grades" id="grade-vector" aria-label="Semantic evidence grades G0 through G6"></div><div class="status" id="status">Ready. Unsupported input is never labeled semantically validated.</div><pre id="output">Run the pipeline to inspect exact identities, the evidence graph, tool details, counterexamples, assumptions, unresolved holes, and immutable artifact downloads.</pre></section></main>
<script>
const names=['evidence_graph','grade_vector','tool_details','counterexamples','assumptions_and_holes','claim_evidence','elaborated_spec','test_spec','review','logical_ir','logical_findings','outputs','sandbox','traceability','artifacts'];let result=null,active='evidence_graph';const tabs=document.querySelector('#tabs'),out=document.querySelector('#output'),status=document.querySelector('#status'),download=document.querySelector('#download'),downloadMetta=document.querySelector('#download-metta'),downloadPython=document.querySelector('#download-python'),grades=document.querySelector('#grade-vector');names.forEach(n=>{let b=document.createElement('button');b.textContent=n.replaceAll('_',' ');b.onclick=()=>show(n,b);tabs.appendChild(b)});function evidenceView(r){let evidence=r.evidence_projection,verdict=evidence.verdicts[0];return {evidence_graph:evidence.ancestry.nodes,grade_vector:verdict.grade_achieved.vector,tool_details:evidence.backends,counterexamples:evidence.counterexamples,assumptions_and_holes:{assumptions:evidence.assumptions,holes:evidence.unresolved_holes}}}function show(n,b){active=n;document.querySelectorAll('#tabs button').forEach(x=>x.classList.remove('active'));b.classList.add('active');let view=result?evidenceView(result):{};out.textContent=result?JSON.stringify(view[n]===undefined?result[n]:view[n],null,2):'No result yet.'}function renderGrades(){let v=result?evidenceView(result).grade_vector:{};grades.replaceChildren(...['G0','G1','G2','G3','G4','G5','G6'].map(g=>{let x=document.createElement('div');x.className='grade'+(v[g]?' on':'');x.textContent=g;return x}))}renderGrades();function save(text,name,type='text/plain'){let blob=new Blob([text],{type}),url=URL.createObjectURL(blob),link=document.createElement('a');link.href=url;link.download=name;link.click();URL.revokeObjectURL(url)}fetch('/api/examples').then(r=>r.json()).then(xs=>{let s=document.querySelector('#examples');Object.entries(xs).forEach(([n,t])=>{let o=new Option(n.replaceAll('_',' '),n);o.dataset.text=t;s.add(o)});s.onchange=()=>{let o=s.selectedOptions[0];if(o.dataset.text)document.querySelector('#input').value=o.dataset.text}});document.querySelector('#upload').onchange=async event=>{let file=event.target.files[0];if(!file)return;if(file.size>128000){status.textContent='Failed closed: file exceeds the 128 KiB evaluation limit';event.target.value='';return}if(!file.name.toLowerCase().endsWith('.plain')&&file.type!=='text/plain'){status.textContent='Failed closed: choose a .plain or text/plain file';event.target.value='';return}document.querySelector('#input').value=await file.text();status.textContent=`Loaded ${file.name} locally; run the pipeline when ready.`};download.onclick=()=>{if(result)save(JSON.stringify(result,null,2)+'\n','plain2metta-evaluation-evidence.json','application/json')};downloadMetta.onclick=()=>{if(result)save(result.outputs.metta,'evaluation.metta')};downloadPython.onclick=()=>{if(result)save(result.outputs.python,'evaluation.py','text/x-python')};document.querySelector('#run').onclick=async()=>{[download,downloadMetta,downloadPython].forEach(button=>button.disabled=true);result=null;renderGrades();status.textContent='Running immutable artifact, review, IR, generation, and sandbox stages…';let r=await fetch('/api/evaluate',{method:'POST',headers:{'content-type':'application/json'},body:JSON.stringify({text:document.querySelector('#input').value})}),payload=await r.json();if(!r.ok){status.textContent='Failed closed';out.textContent=payload.error||'Evaluation failed';return}result=payload;renderGrades();[download,downloadMetta,downloadPython].forEach(button=>button.disabled=false);let verdict=result.evidence_projection.verdicts[0];status.textContent=`Server verdict: ${verdict.status}; achieved ${verdict.grade_achieved.achieved.join(', ')||'no grades'}`;show(active,[...tabs.children][names.indexOf(active)])};
</script></body></html>
#!/usr/bin/env bash
set -euo pipefail

repo_dir=$(CDPATH= cd -- "$(dirname -- "$0")/.." && pwd)
cd "$repo_dir"

export PYTHONPATH=src

# A clean checkout has no package-local Lean cache. Warm it with the exact
# Stage 0 toolchain before the bounded kernel-evidence tests execute.
lean_tools=<research-workspace>/projects/specatom-hs/experiments/20260817T040300Z-plain2metta-stage0-tlc-lean/artifacts/tools/lean-4.33.0-linux/bin
if [[ -x "$lean_tools/lake" ]]; then
  (
    cd lean/Plain2MeTTaSemanticKernel
    PATH="$lean_tools:/usr/bin:/bin" LEAN_NUM_THREADS=1 timeout 180 "$lean_tools/lake" build
  )
fi

python3 -m unittest \
  tests.test_semantic_artifacts \
  tests.test_contract_calculus \
  tests.test_validation_plan \
  tests.test_hypothesis_backend \
  tests.test_tlc_backend \
  tests.test_smt_backend \
  tests.test_lean_backend \
  tests.test_verdict_composition \
  tests.test_semantic_api \
  tests.test_evaluation_web \
  tests.test_vertical_acceptance

python3 -m unittest discover -s tests -p 'test_*.py'
python3 -m compileall -q src tests
git diff --check

if rg -n --hidden -g '!*.pdf' -g '!*.png' -g '!*.jpg' \
  '(BEGIN (RSA|OPENSSH|EC|DSA) PRIVATE KEY|ghp_[A-Za-z0-9]{20,}|sk-[A-Za-z0-9]{20,})' .; then
  echo 'credential-like material found' >&2
  exit 1
fi

large=$(find . -type f \
  -not -path './.git/*' \
  -not -path './lean/Plain2MeTTaSemanticKernel/.lake/*' \
  -size +5M -print)
if [[ -n "$large" ]]; then
  printf 'unexpected files larger than 5 MiB:\n%s\n' "$large" >&2
  exit 1
fi

unexpected=$(git ls-files --others --exclude-standard)
if [[ -n "$unexpected" ]]; then
  printf 'unexpected untracked files:\n%s\n' "$unexpected" >&2
  exit 1
fi
import json
import subprocess
import unittest
from pathlib import Path
from unittest.mock import patch
from webapp.app import app
from specatom_hs.evaluation import evaluate_plain


class EvaluationWebTests(unittest.TestCase):
    def setUp(self): self.client = app.test_client()
    def test_browser_and_api_smoke(self):
        browser = self.client.get("/")
        self.assertEqual(200, browser.status_code)
        self.assertIn(b'type="file"', browser.data)
        self.assertIn(b'accept=".plain,text/plain"', browser.data)
        self.assertIn(b'id="download"', browser.data)
        self.assertIn(b'id="download-metta"', browser.data)
        self.assertIn(b'id="download-python"', browser.data)
        self.assertIn(b'plain2metta-evaluation-evidence.json', browser.data)
        self.assertIn(b'evaluation.metta', browser.data)
        self.assertIn(b'evaluation.py', browser.data)
        health = self.client.get("/api/health")
        self.assertEqual(200, health.status_code)
        self.assertEqual("ready", health.get_json()["status"])
        source = (Path(__file__).resolve().parents[1] / "examples/evaluation/01_greeting.plain").read_text()
        response = self.client.post("/api/evaluate", json={"text": source})
        self.assertEqual(200, response.status_code)
        self.assertEqual(0, response.get_json()["sandbox"]["python"]["exit_code"])
        self.assertEqual(0, response.get_json()["sandbox"]["metta"]["exit_code"])
        self.assertTrue(response.get_json()["claim_evidence"]["metta"]["executed"])
        self.assertTrue(response.get_json()["claim_evidence"]["metta"]["runtime_validated"])
        self.assertTrue(response.get_json()["claim_evidence"]["python"]["tested"])
        self.assertTrue(response.get_json()["claim_evidence"]["python"]["runtime_validated"])
        self.assertTrue(response.get_json()["sandbox"]["metta"]["output_matches"])
        self.assertTrue(response.get_json()["sandbox"]["python"]["output_matches"])

    def test_supported_evaluation_returns_stage_1_through_8_ancestry_and_server_grades(self):
        source = (Path(__file__).resolve().parents[1] / "examples/evaluation/01_greeting.plain").read_text()
        response = self.client.post("/api/evaluate", json={"text": source})
        self.assertEqual(200, response.status_code, response.get_json())
        payload = response.get_json()

        self.assertEqual(list(range(1, 9)), payload["ancestry"]["stages"])
        nodes = payload["ancestry"]["nodes"]
        self.assertTrue(nodes)
        self.assertEqual(set(range(1, 9)), {node["stage"] for node in nodes})
        for node in nodes:
            self.assertEqual(
                {"stage", "kind", "artifact_id", "content_hash", "state", "upstream"},
                set(node),
            )
            self.assertTrue(node["artifact_id"])
            self.assertTrue(node["content_hash"].startswith("sha256:"))

        self.assertTrue(payload["verdicts"])
        for verdict in payload["verdicts"]:
            self.assertEqual(
                {f"G{index}" for index in range(7)},
                set(verdict["grade_achieved"]["vector"]),
            )
            self.assertTrue(all(isinstance(value, bool) for value in verdict["grade_achieved"]["vector"].values()))
            self.assertTrue(verdict["validation_plan_ref"])
            self.assertTrue(verdict["runtime_evidence_refs"])

        stage10 = payload["release_metadata"]["stage10"]
        self.assertEqual("plain2metta-vertical-acceptance/v1", stage10["schema"])
        self.assertTrue(stage10["content_hash"].startswith("sha256:"))
        self.assertTrue(stage10["release_id"])

    def test_supported_evaluation_builds_exact_approved_stage_1_through_3_slice(self):
        source = (Path(__file__).resolve().parents[1] / "examples/evaluation/01_greeting.plain").read_text()
        response = self.client.post("/api/evaluate", json={"text": source})
        self.assertEqual(200, response.status_code, response.get_json())
        ancestry = response.get_json()["ancestry"]
        self.assertEqual([1, 2, 3], ancestry["stages"][:3])
        self.assertTrue({1, 2, 3}.issubset({node["stage"] for node in ancestry["nodes"]}))
        self.assertEqual("approved", ancestry["plan_approval"])
        self.assertIn("contract-calculus-interpretation", {node["kind"] for node in ancestry["nodes"]})

    def test_supported_evaluation_runs_approved_stage_4_hypothesis_plan(self):
        source = (Path(__file__).resolve().parents[1] / "examples/evaluation/01_greeting.plain").read_text()
        response = self.client.post("/api/evaluate", json={"text": source})
        self.assertEqual(200, response.status_code, response.get_json())
        ancestry = response.get_json()["ancestry"]
        self.assertEqual([1, 2, 3, 4], ancestry["stages"][:4])
        stage4 = [node for node in ancestry["nodes"] if node["stage"] == 4]
        self.assertEqual(1, len(stage4))
        self.assertEqual("runtime-evidence", stage4[0]["kind"])
        self.assertEqual("hypothesis-backend", ancestry["stage4_backend"]["name"])
        self.assertEqual("6.138.15", ancestry["stage4_backend"]["version"])
        self.assertTrue(ancestry["stage4_backend"]["observations_passed"])

    def test_supported_evaluation_runs_approved_stage_5_tlc_plan(self):
        source = (Path(__file__).resolve().parents[1] / "examples/evaluation/01_greeting.plain").read_text()
        response = self.client.post("/api/evaluate", json={"text": source})
        self.assertEqual(200, response.status_code, response.get_json())
        ancestry = response.get_json()["ancestry"]
        self.assertEqual([1, 2, 3, 4, 5], ancestry["stages"][:5])
        stage5 = [node for node in ancestry["nodes"] if node["stage"] == 5]
        self.assertEqual(1, len(stage5))
        self.assertEqual("formal-evidence", stage5[0]["kind"])
        self.assertEqual("tlc-backend", ancestry["stage5_backend"]["name"])
        self.assertEqual("1.7.4", ancestry["stage5_backend"]["version"])
        self.assertTrue(ancestry["stage5_backend"]["invariant_satisfied"])

    def test_supported_evaluation_runs_approved_stage_6_z3_plan(self):
        source = (Path(__file__).resolve().parents[1] / "examples/evaluation/01_greeting.plain").read_text()
        response = self.client.post("/api/evaluate", json={"text": source})
        self.assertEqual(200, response.status_code, response.get_json())
        ancestry = response.get_json()["ancestry"]
        self.assertEqual([1, 2, 3, 4, 5, 6], ancestry["stages"][:6])
        stage6 = [node for node in ancestry["nodes"] if node["stage"] == 6]
        self.assertEqual(1, len(stage6))
        self.assertEqual("formal-evidence", stage6[0]["kind"])
        self.assertEqual("z3-backend", ancestry["stage6_backend"]["name"])
        self.assertEqual("4.15.3", ancestry["stage6_backend"]["version"])
        self.assertTrue(ancestry["stage6_backend"]["postcondition_proved"])

    def test_supported_evaluation_runs_approved_stage_7_lean_plan(self):
        source = (Path(__file__).resolve().parents[1] / "examples/evaluation/01_greeting.plain").read_text()
        response = self.client.post("/api/evaluate", json={"text": source})
        self.assertEqual(200, response.status_code, response.get_json())
        ancestry = response.get_json()["ancestry"]
        self.assertEqual([1, 2, 3, 4, 5, 6, 7], ancestry["stages"][:7])
        stage7 = [node for node in ancestry["nodes"] if node["stage"] == 7]
        self.assertEqual(1, len(stage7))
        self.assertEqual("formal-evidence", stage7[0]["kind"])
        self.assertEqual("lean-backend", ancestry["stage7_backend"]["name"])
        self.assertEqual("4.33.0", ancestry["stage7_backend"]["version"])
        self.assertTrue(ancestry["stage7_backend"]["kernel_checked"])

    def test_supported_evaluation_composes_stage_8_verdict(self):
        source = (Path(__file__).resolve().parents[1] / "examples/evaluation/01_greeting.plain").read_text()
        response = self.client.post("/api/evaluate", json={"text": source})
        self.assertEqual(200, response.status_code, response.get_json())
        payload = response.get_json()
        ancestry = payload["ancestry"]
        self.assertEqual(list(range(1, 9)), ancestry["stages"])
        stage8 = [node for node in ancestry["nodes"] if node["stage"] == 8]
        self.assertEqual(1, len(stage8))
        self.assertEqual("validation-verdict", stage8[0]["kind"])
        self.assertEqual(1, len(payload["verdicts"]))
        verdict = payload["verdicts"][0]
        self.assertEqual(stage8[0]["artifact_id"], verdict["artifact_id"])
        self.assertEqual(stage8[0]["content_hash"], verdict["content_hash"])
        self.assertEqual({f"G{index}" for index in range(7)}, set(verdict["grade_achieved"]["vector"]))
        self.assertEqual("unknown", verdict["status"])
        self.assertIn("missing dual-runtime evidence", verdict["residual_risk"])

    def test_supported_evaluation_projects_stage_9_server_evidence(self):
        source = (Path(__file__).resolve().parents[1] / "examples/evaluation/01_greeting.plain").read_text()
        response = self.client.post("/api/evaluate", json={"text": source})
        self.assertEqual(200, response.status_code, response.get_json())
        payload = response.get_json()
        projection = payload["evidence_projection"]

        self.assertEqual("plain2metta-evaluation-evidence/v1", projection["schema"])
        self.assertEqual(payload["ancestry"], projection["ancestry"])
        self.assertEqual(payload["verdicts"], projection["verdicts"])
        self.assertEqual("approved", projection["plan_review"]["decision"])
        self.assertEqual(
            {"hypothesis-backend", "tlc-backend", "z3-backend", "lean-backend"},
            {backend["name"] for backend in projection["backends"]},
        )
        self.assertEqual([], projection["counterexamples"])
        self.assertEqual([], projection["assumptions"])
        self.assertEqual([], projection["unresolved_holes"])
        self.assertEqual(payload["verdicts"][0]["residual_risk"], projection["residual_risk"])

    def test_source_byte_mutation_is_rejected_before_legacy_or_stage_4_execution(self):
        source = (Path(__file__).resolve().parents[1] / "examples/evaluation/01_greeting.plain").read_text() + "\n"
        with patch("webapp.app.evaluate_plain") as legacy, patch(
            "specatom_hs.evaluation_vertical.HypothesisCoordinator.run"
        ) as stage4:
            response = self.client.post("/api/evaluate", json={"text": source})
        self.assertEqual(422, response.status_code)
        self.assertIn("unsupported or reworded", response.get_json()["error"])
        legacy.assert_not_called()
        stage4.assert_not_called()

    def test_missing_plan_approval_fails_atomically_before_backend_execution(self):
        source = (Path(__file__).resolve().parents[1] / "examples/evaluation/01_greeting.plain").read_text()

        def omit_review(project, review):
            return project

        with patch("specatom_hs.evaluation_vertical.submit_plan_review", side_effect=omit_review), \
             patch("specatom_hs.evaluation_vertical.execute_hypothesis_request") as stage4, \
             patch("specatom_hs.evaluation_vertical.TLCCoordinator.run") as stage5, \
             patch("specatom_hs.evaluation_vertical.SMTCoordinator.run") as stage6, \
             patch("specatom_hs.evaluation_vertical.LeanCoordinator.run") as stage7, \
             patch("webapp.app.evaluate_plain") as legacy:
            response = self.client.post("/api/evaluate", json={"text": source})

        self.assertEqual(422, response.status_code)
        self.assertEqual({"error"}, set(response.get_json()))
        self.assertIn("approved reviewed plan", response.get_json()["error"].lower())
        stage4.assert_not_called()
        stage5.assert_not_called()
        stage6.assert_not_called()
        stage7.assert_not_called()
        legacy.assert_not_called()

    def test_stage_4_request_hash_mismatch_fails_atomically_before_later_execution(self):
        source = (Path(__file__).resolve().parents[1] / "examples/evaluation/01_greeting.plain").read_text()

        from specatom_hs.hypothesis_backend import execute_hypothesis_request

        def misattribute_result(request, python_executable):
tests/test_evaluation_web.py:7:from specatom_hs.evaluation import evaluate_plain
tests/test_evaluation_web.py:60:                set(verdict["grade_achieved"]["vector"]),
tests/test_evaluation_web.py:62:            self.assertTrue(all(isinstance(value, bool) for value in verdict["grade_achieved"]["vector"].values()))
tests/test_evaluation_web.py:66:        stage10 = payload["release_metadata"]["stage10"]
tests/test_evaluation_web.py:147:        self.assertEqual({f"G{index}" for index in range(7)}, set(verdict["grade_achieved"]["vector"]))
tests/test_evaluation_web.py:173:        with patch("webapp.app.evaluate_plain") as legacy, patch(
tests/test_evaluation_web.py:193:             patch("webapp.app.evaluate_plain") as legacy:
tests/test_evaluation_web.py:222:             patch("webapp.app.evaluate_plain") as legacy:
tests/test_evaluation_web.py:244:             patch("webapp.app.evaluate_plain") as legacy:
tests/test_evaluation_web.py:272:             patch("webapp.app.evaluate_plain") as legacy:
tests/test_evaluation_web.py:306:        self.assertFalse(payload["verdicts"][0]["grade_achieved"]["vector"]["G2"])
tests/test_evaluation_web.py:307:        self.assertFalse(payload["verdicts"][0]["grade_achieved"]["vector"]["G3"])
tests/test_evaluation_web.py:341:        self.assertFalse(verdict["grade_achieved"]["vector"]["G4"])
tests/test_evaluation_web.py:366:        self.assertFalse(payload["verdicts"][0]["grade_achieved"]["vector"]["G5"])
tests/test_evaluation_web.py:399:        self.assertFalse(verdict["grade_achieved"]["vector"]["G5"])
tests/test_evaluation_web.py:419:        ) as stage7, patch("webapp.app.evaluate_plain") as legacy:
tests/test_evaluation_web.py:445:             patch("webapp.app.evaluate_plain") as legacy:
tests/test_evaluation_web.py:481:             patch("webapp.app.evaluate_plain") as legacy:
tests/test_evaluation_web.py:536:             patch("webapp.app.evaluate_plain") as legacy:
tests/test_evaluation_web.py:584:             patch("webapp.app.evaluate_plain") as legacy:
tests/test_evaluation_web.py:618:             patch("webapp.app.evaluate_plain") as legacy:
tests/test_evaluation_web.py:645:            result = evaluate_plain(source)
tests/test_evaluation_web.py:657:            result = evaluate_plain(source)
webapp/app.py:12:from specatom_hs.evaluation import evaluate_plain
webapp/app.py:13:from specatom_hs.evaluation_vertical import build_stage_1_through_8
webapp/app.py:69:        vertical = build_stage_1_through_8(text)
webapp/app.py:70:        payload = evaluate_plain(text)
webapp/templates/index.html:8:const names=['evidence_graph','grade_vector','tool_details','counterexamples','assumptions_and_holes','claim_evidence','elaborated_spec','test_spec','review','logical_ir','logical_findings','outputs','sandbox','traceability','artifacts'];let result=null,active='evidence_graph';const tabs=document.querySelector('#tabs'),out=document.querySelector('#output'),status=document.querySelector('#status'),download=document.querySelector('#download'),downloadMetta=document.querySelector('#download-metta'),downloadPython=document.querySelector('#download-python'),grades=document.querySelector('#grade-vector');names.forEach(n=>{let b=document.createElement('button');b.textContent=n.replaceAll('_',' ');b.onclick=()=>show(n,b);tabs.appendChild(b)});function evidenceView(r){let evidence=r.evidence_projection,verdict=evidence.verdicts[0];return {evidence_graph:evidence.ancestry.nodes,grade_vector:verdict.grade_achieved.vector,tool_details:evidence.backends,counterexamples:evidence.counterexamples,assumptions_and_holes:{assumptions:evidence.assumptions,holes:evidence.unresolved_holes}}}function show(n,b){active=n;document.querySelectorAll('#tabs button').forEach(x=>x.classList.remove('active'));b.classList.add('active');let view=result?evidenceView(result):{};out.textContent=result?JSON.stringify(view[n]===undefined?result[n]:view[n],null,2):'No result yet.'}function renderGrades(){let v=result?evidenceView(result).grade_vector:{};grades.replaceChildren(...['G0','G1','G2','G3','G4','G5','G6'].map(g=>{let x=document.createElement('div');x.className='grade'+(v[g]?' on':'');x.textContent=g;return x}))}renderGrades();function save(text,name,type='text/plain'){let blob=new Blob([text],{type}),url=URL.createObjectURL(blob),link=document.createElement('a');link.href=url;link.download=name;link.click();URL.revokeObjectURL(url)}fetch('/api/examples').then(r=>r.json()).then(xs=>{let s=document.querySelector('#examples');Object.entries(xs).forEach(([n,t])=>{let o=new Option(n.replaceAll('_',' '),n);o.dataset.text=t;s.add(o)});s.onchange=()=>{let o=s.selectedOptions[0];if(o.dataset.text)document.querySelector('#input').value=o.dataset.text}});document.querySelector('#upload').onchange=async event=>{let file=event.target.files[0];if(!file)return;if(file.size>128000){status.textContent='Failed closed: file exceeds the 128 KiB evaluation limit';event.target.value='';return}if(!file.name.toLowerCase().endsWith('.plain')&&file.type!=='text/plain'){status.textContent='Failed closed: choose a .plain or text/plain file';event.target.value='';return}document.querySelector('#input').value=await file.text();status.textContent=`Loaded ${file.name} locally; run the pipeline when ready.`};download.onclick=()=>{if(result)save(JSON.stringify(result,null,2)+'\n','plain2metta-evaluation-evidence.json','application/json')};downloadMetta.onclick=()=>{if(result)save(result.outputs.metta,'evaluation.metta')};downloadPython.onclick=()=>{if(result)save(result.outputs.python,'evaluation.py','text/x-python')};document.querySelector('#run').onclick=async()=>{[download,downloadMetta,downloadPython].forEach(button=>button.disabled=true);result=null;renderGrades();status.textContent='Running immutable artifact, review, IR, generation, and sandbox stages…';let r=await fetch('/api/evaluate',{method:'POST',headers:{'content-type':'application/json'},body:JSON.stringify({text:document.querySelector('#input').value})}),payload=await r.json();if(!r.ok){status.textContent='Failed closed';out.textContent=payload.error||'Evaluation failed';return}result=payload;renderGrades();[download,downloadMetta,downloadPython].forEach(button=>button.disabled=false);let verdict=result.evidence_projection.verdicts[0];status.textContent=`Server verdict: ${verdict.status}; achieved ${verdict.grade_achieved.achieved.join(', ')||'no grades'}`;show(active,[...tabs.children][names.indexOf(active)])};
src/specatom_hs/semantic_artifacts.py:36:    "ValidationVerdict": {"verdict_id", "obligation_ref", "implementation_ref", "validation_plan_ref", "runtime_evidence_refs", "grade_achieved", "status", "counterexample_refs", "residual_risk", "assumptions_used"},
src/specatom_hs/evaluation_vertical.py:18:from .vertical_acceptance import release_metadata
src/specatom_hs/evaluation_vertical.py:51:def build_stage_1_through_8(source: str) -> dict:
src/specatom_hs/evaluation_vertical.py:199:        "release_metadata": {"stage10": release_metadata()},
src/specatom_hs/evaluation_vertical.py:203:            "release_metadata": evidence_projection["release_metadata"]}
src/specatom_hs/verdict_composition.py:210:        "grade_achieved":{"vector":grades,"achieved":achieved,"required":payload["required_grade"]},
src/specatom_hs/evaluation.py:99:def evaluate_plain(source: str, reviewer: str = "evaluation-reviewer") -> dict:
src/specatom_hs/vertical_acceptance.py:70:def release_metadata() -> dict[str, Any]:
